{"files":{"sampleCodebase\/sampleCore.php":{"path":"sampleCodebase\/sampleCore.php","errors":[{"line":0,"message":"binary_operator_spaces","type":"error","pluginName":"php-cs-fixer"},{"line":0,"message":"blank_line_before_statement","type":"error","pluginName":"php-cs-fixer"},{"line":0,"message":"concat_space","type":"error","pluginName":"php-cs-fixer"},{"line":9,"message":"Docblock-defined class, interface or enum named PluginRunnerInterface does not exist","type":"error","pluginName":"psalm"},{"line":11,"message":"UndefError PhanUndeclaredTypeProperty Property \\sampleCore->plugins has undeclared type \\PluginRunnerInterface[]","type":"issue","pluginName":"phan"},{"line":11,"message":"Property sampleCore::$plugins has unknown class PluginRunnerInterface as its type.","type":"error","pluginName":"phpstan"},{"line":62,"message":"Docblock-defined class, interface or enum named PluginOutputModel does not exist","type":"error","pluginName":"psalm"},{"line":64,"message":"UndefError PhanUndeclaredTypeReturnType Return type of runPlugins() is undeclared type \\PluginOutputModel[]","type":"issue","pluginName":"phan"},{"line":64,"message":"Return typehint of method sampleCore::runPlugins() has invalid type PluginOutputModel.","type":"error","pluginName":"phpstan"},{"line":68,"message":"UndefError PhanUndeclaredClassMethod Call to method getName from undeclared class \\PluginRunnerInterface","type":"issue","pluginName":"phan"},{"line":68,"message":"Call to static method getName() on an unknown class PluginRunnerInterface.","type":"error","pluginName":"phpstan"},{"line":70,"message":"UndefError PhanUndeclaredClassMethod Call to method error from undeclared class \\IOHandler","type":"issue","pluginName":"phan"},{"line":70,"message":"Avoid using static access to class 'IOHandler' in method 'runPlugins'.","type":"error","pluginName":"phpmd"},{"line":70,"message":"Call to static method error() on an unknown class IOHandler.","type":"error","pluginName":"phpstan"},{"line":74,"message":"UndefError PhanUndeclaredClassMethod Call to method run from undeclared class \\PluginRunnerInterface","type":"issue","pluginName":"phan"},{"line":74,"message":"Call to method run() on an unknown class PluginRunnerInterface.","type":"error","pluginName":"phpstan"},{"line":85,"message":"UndefError PhanUndeclaredClassMethod Call to method createMap from undeclared class \\ClassMapGenerator","type":"issue","pluginName":"phan"},{"line":85,"message":"Avoid using static access to class 'ClassMapGenerator' in method 'loadPlugins'.","type":"error","pluginName":"phpmd"},{"line":85,"message":"Call to static method createMap() on an unknown class ClassMapGenerator.","type":"error","pluginName":"phpstan"},{"line":85,"message":"Class, interface or enum named ClassMapGenerator does not exist","type":"error","pluginName":"psalm"},{"line":87,"message":"UndefError PhanUndeclaredClassReference Reference to undeclared class \\PluginRunnerInterface","type":"issue","pluginName":"phan"},{"line":87,"message":"Class PluginRunnerInterface not found.","type":"error","pluginName":"phpstan"},{"line":90,"message":"Missing class import via use statement (line '90', column '35').","type":"error","pluginName":"phpmd"},{"line":92,"message":"UndefError PhanUndeclaredClassMethod Call to method error from undeclared class \\IOHandler","type":"issue","pluginName":"phan"},{"line":92,"message":"Avoid using static access to class 'IOHandler' in method 'loadPlugins'.","type":"error","pluginName":"phpmd"},{"line":92,"message":"Call to static method error() on an unknown class IOHandler.","type":"error","pluginName":"phpstan"},{"line":100,"message":"TypeError PhanTypeExpectedObjectOrClassName Expected an object instance or the name of a class but saw expression $class with type class-string|object","type":"issue","pluginName":"phan"}]}}}